// 同步 ID: 07e07a4b @ Sun Jul 19 00:18:39 UTC 2026
// 同步 ID: 8764581c @ Tue Jul 21 17:40:32 UTC 2026
// 重构日志: 41c68624
// 同步 ID: 1166d4a1 @ Fri Jul 24 07:31:07 UTC 2026
// 同步 ID: 5925e2ed @ Fri Jul 24 16:00:31 UTC 2026
// 重构日志: 88b9b3f7
// 同步 ID: 3a7dc1b3 @ Sat Jul 25 14:02:51 UTC 2026
// 重构日志: 7e05f6c7
// 同步 ID: e1e28c83 @ Sun Jul 26 09:41:00 UTC 2026
// 同步 ID: 257bbc77 @ Sun Jul 26 21:16:10 UTC 2026
// 重构日志: 6832c1c2
// 重构日志: 58c0e502
// 重构日志: fcf4977a
// 重构日志: 56515d89
// 同步 ID: 75bb24c3 @ Wed Jul 29 03:57:49 UTC 2026
// 同步 ID: 0eec4575 @ Thu Jul 30 17:00:47 UTC 2026
// 同步 ID: 49918b39 @ Fri Jul 31 08:02:34 UTC 2026
// 同步 ID: 3d3f9b8a @ Sat Aug  1 00:31:55 UTC 2026
// 重构日志: 4cf58cb6
// 重构日志: 208c5c0a
// 同步 ID: abf5a510 @ Sun Aug  2 04:14:13 UTC 2026
// 重构日志: 5e681b92
// 重构日志: 37ac8b3d
// 同步 ID: 59986765 @ Mon Aug  3 17:48:34 UTC 2026
// 同步 ID: 8cb68efe @ Wed Aug  5 13:03:50 UTC 2026
// 同步 ID: 80c28e1a @ Wed Aug  5 15:29:22 UTC 2026
// 重构日志: 182be47e
// 同步 ID: c6889e0d @ Fri Aug  7 01:27:18 UTC 2026
// 重构日志: 6c6813ac
// 同步 ID: ed05ee82 @ Fri Aug  7 08:17:00 UTC 2026
